// Jest Snapshot v1, https://goo.gl/fbAQLP

exports[`renders correctly header places part 1`] = `
Array [
  <h2
    className="visually-hidden"
  >
    Places
  </h2>,
  <b
    className="places__found"
  >
    0
     places to stay in 
  </b>,
]
`;
