// Jest Snapshot v1, https://goo.gl/fbAQLP

exports[`renders correctly City List 1`] = `
<ul
  className="locations__list tabs__list"
>
  <li
    className="locations__item"
  >
    <a
      className="locations__item-link tabs__item"
      href="#"
      onClick={[Function]}
    >
      <span>
        Amsterdam
      </span>
    </a>
  </li>
  <li
    className="locations__item"
  >
    <a
      className="locations__item-link tabs__item"
      href="#"
      onClick={[Function]}
    >
      <span>
        London
      </span>
    </a>
  </li>
  <li
    className="locations__item"
  >
    <a
      className="locations__item-link tabs__item"
      href="#"
      onClick={[Function]}
    >
      <span>
        Moscow
      </span>
    </a>
  </li>
  <li
    className="locations__item"
  >
    <a
      className="locations__item-link tabs__item"
      href="#"
      onClick={[Function]}
    >
      <span>
        Tokio
      </span>
    </a>
  </li>
</ul>
`;
