// Jest Snapshot v1, https://goo.gl/fbAQLP

exports[`renders correctly header places part 1`] = `
<header
  className="header"
>
  <div
    className="container"
  >
    <div
      className="header__wrapper"
    >
      <div
        className="header__left"
      >
        <a
          className="header__logo-link"
          href="main.html"
        >
          <img
            alt="6 cities logo"
            className="header__logo"
            height="41"
            src="img/logo.svg"
            width="81"
          />
        </a>
      </div>
      <nav
        className="header__nav"
      >
        <ul
          className="header__nav-list"
        >
          <a
            className="header__login"
            href="/login"
            onClick={[Function]}
          >
            Sign in
          </a>
        </ul>
      </nav>
    </div>
  </div>
</header>
`;
